// Jest Snapshot v1, https://goo.gl/fbAQLP

exports[`List component renders the UI as expected 1`] = `
<section
  className="List"
>
  <header
    className="List-header"
  >
    <h2>
      test
    </h2>
  </header>
  <div
    className="List-cards"
  >
    <div
      className="Card"
    >
      <h3 />
      <p />
      <button
        type="button"
      >
        Delete
      </button>
    </div>
  </div>
</section>
`;
